(
 (
  (
   (
    (
     CytLyti6:0.195,
     TaxOcell:0.161
    ):0.182,
    StrRamo3:0.430
   ):0.062,
   (
    AbdGlauc:1.026,
    BctFra12:1.380
   ):2.028
  ):0.039,
  (
   (
    (
     MucRace3:0.011,
     StrCoel9:1.446
    ):0.013,
    MucRace2:0.009
   ):0.000,
   MucRacem:0.009
  ):0.060
 ):0.027,
 (
  CddAlbic:0.095,
  SacCere5:0.090
 ):0.027);